25-May-2026 11:26:02.663 INFO [main] org.apache.catalina.startup.VersionLoggerListener.log Server version name:   Apache Tomcat/9.0.115
25-May-2026 11:26:02.677 INFO [main] org.apache.catalina.startup.VersionLoggerListener.log Server built:          Jan 21 2026 08:17:26 UTC
25-May-2026 11:26:02.677 INFO [main] org.apache.catalina.startup.VersionLoggerListener.log Server version number: 9.0.115.0
25-May-2026 11:26:02.678 INFO [main] org.apache.catalina.startup.VersionLoggerListener.log OS Name:               Windows 11
25-May-2026 11:26:02.679 INFO [main] org.apache.catalina.startup.VersionLoggerListener.log OS Version:            10.0
25-May-2026 11:26:02.679 INFO [main] org.apache.catalina.startup.VersionLoggerListener.log Architecture:          amd64
25-May-2026 11:26:02.679 INFO [main] org.apache.catalina.startup.VersionLoggerListener.log Java Home:             C:\Program Files\Java\jdk-21
25-May-2026 11:26:02.680 INFO [main] org.apache.catalina.startup.VersionLoggerListener.log JVM Version:           21.0.5+9-LTS-239
25-May-2026 11:26:02.680 INFO [main] org.apache.catalina.startup.VersionLoggerListener.log JVM Vendor:            Oracle Corporation
25-May-2026 11:26:02.682 INFO [main] org.apache.catalina.startup.VersionLoggerListener.log CATALINA_BASE:         C:\Users\tuandz\eclipse-workspace\jav101-lab2-tuan1035\.smarttomcat
25-May-2026 11:26:02.682 INFO [main] org.apache.catalina.startup.VersionLoggerListener.log CATALINA_HOME:         C:\Users\tuandz\Downloads\apache-tomcat-9.0.115
25-May-2026 11:26:02.700 INFO [main] org.apache.catalina.startup.VersionLoggerListener.log Command line argument: --add-opens=java.base/java.lang=ALL-UNNAMED
25-May-2026 11:26:02.701 INFO [main] org.apache.catalina.startup.VersionLoggerListener.log Command line argument: --add-opens=java.base/java.io=ALL-UNNAMED
25-May-2026 11:26:02.701 INFO [main] org.apache.catalina.startup.VersionLoggerListener.log Command line argument: --add-opens=java.base/java.util=ALL-UNNAMED
25-May-2026 11:26:02.702 INFO [main] org.apache.catalina.startup.VersionLoggerListener.log Command line argument: --add-opens=java.base/java.util.concurrent=ALL-UNNAMED
25-May-2026 11:26:02.702 INFO [main] org.apache.catalina.startup.VersionLoggerListener.log Command line argument: --add-opens=java.rmi/sun.rmi.transport=ALL-UNNAMED
25-May-2026 11:26:02.702 INFO [main] org.apache.catalina.startup.VersionLoggerListener.log Command line argument: -Dcatalina.home=C:\Users\tuandz\Downloads\apache-tomcat-9.0.115
25-May-2026 11:26:02.702 INFO [main] org.apache.catalina.startup.VersionLoggerListener.log Command line argument: -Dcatalina.base=C:\Users\tuandz\eclipse-workspace\jav101-lab2-tuan1035\.smarttomcat
25-May-2026 11:26:02.702 INFO [main] org.apache.catalina.startup.VersionLoggerListener.log Command line argument: -Djava.io.tmpdir=C:\Users\tuandz\eclipse-workspace\jav101-lab2-tuan1035\.smarttomcat\temp
25-May-2026 11:26:02.703 INFO [main] org.apache.catalina.startup.VersionLoggerListener.log Command line argument: -Djava.util.logging.config.file=C:\Users\tuandz\eclipse-workspace\jav101-lab2-tuan1035\.smarttomcat\conf\logging.properties
25-May-2026 11:26:02.703 INFO [main] org.apache.catalina.startup.VersionLoggerListener.log Command line argument: -Djava.util.logging.manager=org.apache.juli.ClassLoaderLogManager
25-May-2026 11:26:02.703 INFO [main] org.apache.catalina.startup.VersionLoggerListener.log Command line argument: -javaagent:C:\Program Files\JetBrains\IntelliJ IDEA 2026.1\lib\idea_rt.jar=56011
25-May-2026 11:26:02.703 INFO [main] org.apache.catalina.startup.VersionLoggerListener.log Command line argument: -Dfile.encoding=UTF-8
25-May-2026 11:26:02.705 INFO [main] org.apache.catalina.startup.VersionLoggerListener.log Command line argument: -Dsun.stdout.encoding=UTF-8
25-May-2026 11:26:02.706 INFO [main] org.apache.catalina.startup.VersionLoggerListener.log Command line argument: -Dsun.stderr.encoding=UTF-8
25-May-2026 11:26:02.720 INFO [main] org.apache.catalina.core.AprLifecycleListener.lifecycleEvent Loaded Apache Tomcat Native library [1.3.5] using APR version [1.7.6].
25-May-2026 11:26:02.720 INFO [main] org.apache.catalina.core.AprLifecycleListener.lifecycleEvent APR capabilities: IPv6 [true], sendfile [true], accept filters [false], random [true], UDS [true].
25-May-2026 11:26:02.721 INFO [main] org.apache.catalina.core.AprLifecycleListener.lifecycleEvent APR/OpenSSL configuration: useAprConnector [false], useOpenSSL [true]
25-May-2026 11:26:02.743 INFO [main] org.apache.catalina.core.AprLifecycleListener.initializeSSL OpenSSL successfully initialized [OpenSSL 3.0.18 30 Sep 2025]
25-May-2026 11:26:03.822 INFO [main] org.apache.coyote.AbstractProtocol.init Initializing ProtocolHandler ["http-nio-8080"]
25-May-2026 11:26:03.882 INFO [main] org.apache.catalina.startup.Catalina.load Server initialization in [1823] milliseconds
25-May-2026 11:26:04.171 INFO [main] org.apache.catalina.core.StandardService.startInternal Starting service [Catalina]
25-May-2026 11:26:04.174 INFO [main] org.apache.catalina.core.StandardEngine.startInternal Starting Servlet engine: [Apache Tomcat/9.0.115]
25-May-2026 11:26:04.214 INFO [main] org.apache.catalina.startup.HostConfig.deployDescriptor Deploying deployment descriptor [C:\Users\tuandz\eclipse-workspace\jav101-lab2-tuan1035\.smarttomcat\conf\Catalina\localhost\java.xml]
25-May-2026 11:26:05.508 INFO [main] org.apache.catalina.startup.HostConfig.deployDescriptor Deployment of deployment descriptor [C:\Users\tuandz\eclipse-workspace\jav101-lab2-tuan1035\.smarttomcat\conf\Catalina\localhost\java.xml] has finished in [1,291] ms
25-May-2026 11:26:05.517 INFO [main] org.apache.coyote.AbstractProtocol.start Starting ProtocolHandler ["http-nio-8080"]
25-May-2026 11:26:05.604 INFO [main] org.apache.catalina.startup.Catalina.start Server startup in [1716] milliseconds
